[free-5345802.webadorsite.com/index.html]
[backblue.gif]
[fade.gif]
[index.html]
[assets.jwwb.nl/assets/brand/webador/icon/faviconc9ef.png]
[www.google.com/recaptcha/enterprised027.js]
[plausible.io/js/script.manual.js]
[assets.jwwb.nl/assets/website-rendering/styles.1dfd1acd2fd560e54b2c61d7.css]
[primary.jwwb.nl/public/y/r/b/temp-fjnargaqiagjydzrcslc/style593d.css]
[primary.jwwb.nl/public/y/r/b/temp-fjnargaqiagjydzrcslc/mie-image-highe2ef.png]
[primary.jwwb.nl/public/y/r/b/temp-fjnargaqiagjydzrcslc/pasted-image-thu-aug-01-2024-02-08-22-gmt-0400-eastern-daylight-time-high.png]
[primary.jwwb.nl/public/y/r/b/temp-fjnargaqiagjydzrcslc/pasted-image-thu-aug-01-2024-02-08-22-gmt-0400-eastern-daylight-time-standard.png]
[primary.jwwb.nl/public/y/r/b/temp-fjnargaqiagjydzrcslc/snip1-high.png]
[primary.jwwb.nl/public/y/r/b/temp-fjnargaqiagjydzrcslc/snip1-standard.png]
[assets.jwwb.nl/assets/build/website-rendering/en-GB1298.js]
[assets.jwwb.nl/assets/website-rendering/runtime.83873eca6f8ea0bbcded5311.js]
[assets.jwwb.nl/assets/website-rendering/166.5a795a088a6b10acf59e0e6c.js]
[free-5345802.webadorsite.com/index.html]
[assets.jwwb.nl/assets/website-rendering/main.38b389aade70f4d698c5426f.js]
[assets.jwwb.nl/assets/website-rendering/module-files/flag-icons/flags/4x3/at71fb.svg]
[assets.jwwb.nl/assets/website-rendering/module-files/flag-icons/flags/4x3/bec53f.svg]
[assets.jwwb.nl/assets/website-rendering/module-files/flag-icons/flags/4x3/ca0bc2.svg]
[assets.jwwb.nl/assets/website-rendering/module-files/flag-icons/flags/4x3/ch7909.svg]
[assets.jwwb.nl/assets/website-rendering/module-files/flag-icons/flags/4x3/de89d6.svg]
[assets.jwwb.nl/assets/website-rendering/module-files/flag-icons/flags/4x3/dkd0f4.svg]
[assets.jwwb.nl/assets/website-rendering/module-files/flag-icons/flags/4x3/eea6f0.svg]
[assets.jwwb.nl/assets/website-rendering/module-files/flag-icons/flags/4x3/es0c23.svg]
[assets.jwwb.nl/assets/website-rendering/module-files/flag-icons/flags/4x3/fif272.svg]
[assets.jwwb.nl/assets/website-rendering/module-files/flag-icons/flags/4x3/frc2e4.svg]
[assets.jwwb.nl/assets/website-rendering/module-files/flag-icons/flags/4x3/gbee25.svg]
[assets.jwwb.nl/assets/website-rendering/module-files/flag-icons/flags/4x3/hua88e.svg]
[assets.jwwb.nl/assets/website-rendering/module-files/flag-icons/flags/4x3/ieb191.svg]
[assets.jwwb.nl/assets/website-rendering/module-files/flag-icons/flags/4x3/itc7ba.svg]
[assets.jwwb.nl/assets/website-rendering/module-files/flag-icons/flags/4x3/mx61b5.svg]
[assets.jwwb.nl/assets/website-rendering/module-files/flag-icons/flags/4x3/nl828e.svg]
[assets.jwwb.nl/assets/website-rendering/module-files/flag-icons/flags/4x3/noc647.svg]
[assets.jwwb.nl/assets/website-rendering/module-files/flag-icons/flags/4x3/pl0b42.svg]
[assets.jwwb.nl/assets/website-rendering/module-files/flag-icons/flags/4x3/pt70f4.svg]
[assets.jwwb.nl/assets/website-rendering/module-files/flag-icons/flags/4x3/ru926e.svg]
[assets.jwwb.nl/assets/website-rendering/module-files/flag-icons/flags/4x3/sef112.svg]
[assets.jwwb.nl/assets/website-rendering/module-files/flag-icons/flags/4x3/trdc51.svg]
[assets.jwwb.nl/assets/website-rendering/module-files/flag-icons/flags/4x3/usa5fe.svg]
[assets.jwwb.nl/assets/website-rendering/module-files/flag-icons/flags/4x3/xxfd64.svg]
[maps.gstatic.com/mapfiles/api-3/images/powered-by-google-on-white2.png]
[assets.jwwb.nl/assets/website-rendering/styles.1dfd1acd2fd560e54b2c61d7.css]
[assets.jwwb.nl/assets/img/content-emptye42d.png]
[primary.jwwb.nl/public/y/r/b/temp-fjnargaqiagjydzrcslc/style593d.css]
[assets.jwwb.nl/assets/img/content-empty-lighte42d.png]
[assets.jwwb.nl/assets/website-rendering/module-files/flag-icons/flags/4x3/at71fb.svg]
[assets.jwwb.nl/assets/website-rendering/module-files/flag-icons/flags/4x3/bec53f.svg]
[assets.jwwb.nl/assets/website-rendering/module-files/flag-icons/flags/4x3/ca0bc2.svg]
[assets.jwwb.nl/assets/website-rendering/module-files/flag-icons/flags/4x3/ch7909.svg]
[assets.jwwb.nl/assets/website-rendering/module-files/flag-icons/flags/4x3/de89d6.svg]
[assets.jwwb.nl/assets/website-rendering/module-files/flag-icons/flags/4x3/dkd0f4.svg]
[assets.jwwb.nl/assets/website-rendering/module-files/flag-icons/flags/4x3/eea6f0.svg]
[assets.jwwb.nl/assets/website-rendering/module-files/flag-icons/flags/4x3/es0c23.svg]
[assets.jwwb.nl/assets/website-rendering/module-files/flag-icons/flags/4x3/fif272.svg]
[assets.jwwb.nl/assets/website-rendering/module-files/flag-icons/flags/4x3/frc2e4.svg]
[assets.jwwb.nl/assets/website-rendering/module-files/flag-icons/flags/4x3/gbee25.svg]
[assets.jwwb.nl/assets/website-rendering/module-files/flag-icons/flags/4x3/hua88e.svg]
[assets.jwwb.nl/assets/website-rendering/module-files/flag-icons/flags/4x3/ieb191.svg]
[assets.jwwb.nl/assets/website-rendering/module-files/flag-icons/flags/4x3/itc7ba.svg]
[assets.jwwb.nl/assets/website-rendering/module-files/flag-icons/flags/4x3/mx61b5.svg]
[assets.jwwb.nl/assets/website-rendering/module-files/flag-icons/flags/4x3/nl828e.svg]
[assets.jwwb.nl/assets/website-rendering/module-files/flag-icons/flags/4x3/noc647.svg]
[assets.jwwb.nl/assets/website-rendering/module-files/flag-icons/flags/4x3/pl0b42.svg]
[assets.jwwb.nl/assets/website-rendering/module-files/flag-icons/flags/4x3/pt70f4.svg]
[assets.jwwb.nl/assets/website-rendering/module-files/flag-icons/flags/4x3/ru926e.svg]
[assets.jwwb.nl/assets/website-rendering/module-files/flag-icons/flags/4x3/sef112.svg]
[assets.jwwb.nl/assets/website-rendering/module-files/flag-icons/flags/4x3/trdc51.svg]
[assets.jwwb.nl/assets/website-rendering/module-files/flag-icons/flags/4x3/usa5fe.svg]
[assets.jwwb.nl/assets/website-rendering/module-files/flag-icons/flags/4x3/xxfd64.svg]
